
> mypharma@0.1.0 build
> react-scripts build

Creating an optimized production build...
Failed to compile.

[eslint] 
src\pages\pharmacien\pages\Parametres.jsx
  Line 82:20:   'Save' is not defined      react/jsx-no-undef
  Line 89:15:   'Clock' is not defined     react/jsx-no-undef
  Line 98:16:   'MapPin' is not defined    react/jsx-no-undef
  Line 111:16:  'KeyRound' is not defined  react/jsx-no-undef

Search for the keywords to learn more about each error.


